[3parusa.ru/index.html]
[backblue.gif]
[fade.gif]
[index.html]
[static.tildacdn.com/tild3934-3462-4662-a365-323662383233/9.jpg]
[static.tildacdn.com/tild3561-3136-4637-a330-353361323062/favicon.png]
[static.tildacdn.com/tild3835-3837-4264-b831-656334333130/favicon.png]
[static.tildacdn.com/tild3232-3936-4661-a130-613734356463/faviconIOS.png]
[neo.tildacdn.com/js/tilda-fallback-1.0.min.js]
[static.tildacdn.com/css/tilda-grid-3.0.min.css]
[static.tildacdn.com/ws/project7248235/tilda-blocks-page40952023.min13ca.css]
[static.tildacdn.com/css/tilda-animation-2.0.min.css]
[static.tildacdn.com/css/tilda-popup-1.1.min.css]
[static.tildacdn.com/css/tilda-forms-1.0.min.css]
[static.tildacdn.com/css/tilda-slds-1.4.min.css]
[static.tildacdn.com/css/tilda-cards-1.0.min.css]
[static.tildacdn.com/css/tilda-zero-gallery-1.0.min.css]
[3parusa.ru/custom13ca.css]
[static.tildacdn.com/js/tilda-polyfill-1.0.min.js]
[3parusa.ru/OPR/index.html]
[static.tildacdn.com/js/jquery-1.10.2.min.js]
[static.tildacdn.com/js/tilda-scripts-3.0.min.js]
[static.tildacdn.com/ws/project7248235/tilda-blocks-page40952023.min13ca.js]
[static.tildacdn.com/js/tilda-lazyload-1.0.min.js]
[static.tildacdn.com/js/tilda-animation-2.0.min.js]
[static.tildacdn.com/js/tilda-menu-1.0.min.js]
[static.tildacdn.com/js/tilda-zero-1.1.min.js]
[static.tildacdn.com/js/tilda-popup-1.0.min.js]
[static.tildacdn.com/js/tilda-forms-1.0.min.js]
[static.tildacdn.com/js/tilda-slds-1.4.min.js]
[static.tildacdn.com/js/hammer.min.js]
[static.tildacdn.com/js/tilda-cards-1.0.min.js]
[static.tildacdn.com/js/tilda-zero-gallery-1.0.min.js]
[static.tildacdn.com/js/tilda-zero-forms-1.0.min.js]
[static.tildacdn.com/js/tilda-animation-sbs-1.0.min.js]
[static.tildacdn.com/js/tilda-zero-scale-1.0.min.js]
[static.tildacdn.com/js/tilda-zero-video-1.0.min.js]
[static.tildacdn.com/js/tilda-skiplink-1.0.min.js]
[static.tildacdn.com/js/tilda-events-1.0.min.js]
[static.tildacdn.com/js/tilda-phone-mask-1.1.min.js]
[thb.tildacdn.com/tild6637-3436-4337-b163-396636386561/-/empty/x1600_adc85e33ca.png]
[static.tildacdn.com/tild6637-3436-4337-b163-396636386561/x1600_adc85e33ca.jpg]
[static.tildacdn.com/js/ya-share.js]
[static.tildacdn.com/tild3465-3434-4661-b530-663039623733/C3-TGb_M38ih_qtp_U4Y.jpg]
[static.tildacdn.com/tild3735-3734-4633-b737-633862383036/fKqInKw3d7bLFOeFnMGn.jpg]
[static.tildacdn.com/tild3063-6335-4066-b238-343863333239/_FRo7arwqGre-cmM5nO7.jpg]
[static.tildacdn.com/tild3065-3366-4738-b361-613535613664/FfCare864UtgVO8jpZY3.jpg]
[static.tildacdn.com/tild3832-3632-4830-a666-373336383030/fKqInKw3d7bLFOeFnMGn.jpg]
[static.tildacdn.com/tild3664-3762-4734-b633-616436326539/az4hNREA04JU1aai01oK.jpg]
[static.tildacdn.com/tild6139-6538-4435-a663-396638636364/fKqInKw3d7bLFOeFnMGn.jpg]
[static.tildacdn.com/tild3734-6666-4336-b161-333065356433/fKqInKw3d7bLFOeFnMGn.jpg]
[static.tildacdn.com/tild3262-6135-4265-a561-363337323861/Vad73hd1yHe0NeRvVLdX.jpg]
[static.tildacdn.com/tild3230-3432-4631-b431-393334373332/eVYe_-OOi_SmqZZSynkB.jpg]
[static.tildacdn.com/tild6662-3461-4166-b235-633866306335/1u9U0tj-LuK05ewDBprq.jpg]
[static.tildacdn.com/tild3263-6266-4930-a362-356666323832/fKqInKw3d7bLFOeFnMGn.jpg]
[static.tildacdn.com/tild3131-3532-4166-b363-666434613765/Vad73hd1yHe0NeRvVLdX.jpg]
[static.tildacdn.com/tild3537-6462-4237-b631-643438613138/bNdDNwKwCrYdTnqt4ZJu.jpg]
[static.tildacdn.com/tild6565-3337-4661-b732-633633336561/noroot.jpg]
[static.tildacdn.com/tild6636-3662-4036-b235-653832356538/noroot.jpg]
[static.tildacdn.com/tild3236-3665-4131-a362-313532343065/thoddoo-island-beach.jpg]
[static.tildacdn.com/tild6337-3031-4961-b130-393431636630/noroot.jpg]
[unpkg.com/scrollbooster@3.0.2/dist/scrollbooster.min.js]
[thb.tildacdn.com/tild6239-3332-4765-b438-386235383933/-/empty/41.png]
[static.tildacdn.com/tild6239-3332-4765-b438-386235383933/41.jpg]
[thb.tildacdn.com/tild6133-3736-4465-b939-336566306136/-/empty/5.png]
[static.tildacdn.com/tild6133-3736-4465-b939-336566306136/5.jpg]
[thb.tildacdn.com/tild6661-6132-4263-a130-623731393034/-/empty/7.png]
[static.tildacdn.com/tild6661-6132-4263-a130-623731393034/7.jpg]
[thb.tildacdn.com/tild3034-3237-4862-b961-643039393138/-/empty/6.png]
[static.tildacdn.com/tild3034-3237-4862-b961-643039393138/6.jpg]
[thb.tildacdn.com/tild6134-3261-4030-b031-396439383861/-/empty/3.png]
[static.tildacdn.com/tild6134-3261-4030-b031-396439383861/3.jpg]
[thb.tildacdn.com/tild6333-3562-4064-a365-626636643062/-/empty/1.png]
[static.tildacdn.com/tild6333-3562-4064-a365-626636643062/1.jpg]
[thb.tildacdn.com/tild3361-6138-4465-b031-353361346161/-/empty/2.png]
[static.tildacdn.com/tild3361-6138-4465-b031-353361346161/2.jpg]
[thb.tildacdn.com/tild6539-6564-4630-b762-626131393335/-/empty/8.png]
[static.tildacdn.com/tild6539-6564-4630-b762-626131393335/8.jpg]
[thb.tildacdn.com/tild3033-3733-4437-b063-336166383937/-/empty/12.png]
[static.tildacdn.com/tild3033-3733-4437-b063-336166383937/12.jpg]
[static.tildacdn.com/img/tildacopy.png]
[3parusa.ru/index.html]
[static.tildacdn.com/css/tilda-grid-3.0.min.css]
[static.tildacdn.com/ws/project7248235/tilda-blocks-page40952023.min13ca.css]
[static.tildacdn.com/css/tilda-animation-2.0.min.css]
[static.tildacdn.com/css/tilda-popup-1.1.min.css]
[static.tildacdn.com/css/tilda-forms-1.0.min.css]
[static.tildacdn.com/css/tilda-slds-1.4.min.css]
[static.tildacdn.com/css/tilda-cards-1.0.min.css]
[static.tildacdn.com/css/tilda-zero-gallery-1.0.min.css]
[3parusa.ru/custom13ca.css]
[3parusa.ru/OPR/index.html]
[static.tildacdn.com/js/tilda-stat-1.0.min.js]
